[2026-04-25 09:20:53] GET Prompt: N/A Action: N/A
[2026-04-25 09:20:57] POST Prompt: hi Action: N/A
[2026-04-25 09:21:38] GET Prompt: N/A Action: N/A
[2026-04-25 09:21:38] POST Prompt: hi Action: N/A
[2026-04-25 09:22:59] POST Prompt: hi Action: N/A
[2026-04-25 09:23:03] POST Prompt: hlasdof Action: N/A
[2026-04-25 09:24:05] POST Prompt: hi Action: N/A
[2026-04-25 09:24:11] GET Prompt: N/A Action: N/A
[2026-04-25 09:24:14] POST Prompt: hi Action: N/A
[2026-04-25 09:27:12] POST Prompt: hi Action: N/A
[2026-04-25 09:37:58] POST Prompt: hi Action: N/A
[2026-04-25 09:38:25] GET Prompt: N/A Action: N/A
[2026-04-25 09:38:44] POST Prompt: hi Action: N/A
[2026-04-25 09:43:22] GET Prompt: N/A Action: N/A
[2026-04-25 09:43:23] POST Prompt: hi Action: N/A
[2026-04-25 09:43:29] POST Prompt: N/A Action: save_supervised
[2026-04-25 09:43:34] POST Prompt: N/A Action: save_supervised
[2026-04-25 09:43:35] POST Prompt: N/A Action: save_supervised
[2026-04-25 09:43:35] POST Prompt: N/A Action: save_supervised
[2026-04-25 09:43:35] POST Prompt: N/A Action: save_supervised
[2026-04-25 09:45:19] GET Prompt: N/A Action: N/A
[2026-04-25 09:45:20] POST Prompt: hi Action: N/A
[2026-04-25 09:45:25] GET Prompt: N/A Action: N/A
[2026-04-25 09:45:26] GET Prompt: N/A Action: N/A
[2026-04-25 09:45:29] GET Prompt: N/A Action: N/A
[2026-04-25 09:45:30] GET Prompt: N/A Action: N/A
[2026-04-25 09:45:31] GET Prompt: N/A Action: N/A
[2026-04-25 09:45:32] GET Prompt: N/A Action: N/A
[2026-04-25 09:45:51] POST Prompt: hi Action: N/A
[2026-04-25 09:48:16] GET Prompt: N/A Action: N/A
[2026-04-25 09:48:17] POST Prompt: hi Action: N/A
[2026-04-25 09:51:03] POST Prompt: ping Action: N/A
[2026-04-25 09:51:03] POST Prompt: N/A Action: save_supervised
[2026-04-25 09:51:03] GET Prompt: N/A Action: N/A
[2026-04-25 09:51:26] POST Prompt: ping Action: N/A
[2026-04-25 09:51:26] POST Prompt: N/A Action: save_supervised
[2026-04-25 09:51:26] GET Prompt: N/A Action: N/A
[2026-04-25 09:53:11] POST Prompt: ping Action: N/A
[2026-04-25 09:53:11] POST Prompt: N/A Action: save_supervised
[2026-04-25 09:53:11] GET Prompt: N/A Action: N/A
[2026-04-25 09:53:23] GET Prompt: N/A Action: N/A
[2026-04-25 09:53:26] POST Prompt: hi Action: N/A
[2026-04-25 09:57:33] POST Prompt: ping Action: N/A
[2026-04-25 09:57:34] POST Prompt: N/A Action: save_supervised
[2026-04-25 09:57:34] GET Prompt: N/A Action: N/A
[2026-04-25 10:01:37] POST Prompt: ping Action: N/A
[2026-04-25 10:01:38] POST Prompt: N/A Action: save_supervised
[2026-04-25 10:01:38] GET Prompt: N/A Action: N/A
[2026-04-25 10:04:30] POST Prompt: ping Action: N/A
[2026-04-25 10:04:31] POST Prompt: N/A Action: save_supervised
[2026-04-25 10:04:31] GET Prompt: N/A Action: N/A
[2026-04-25 10:09:18] POST Prompt: ping Action: N/A
[2026-04-25 10:09:19] POST Prompt: N/A Action: save_supervised
[2026-04-25 10:09:19] GET Prompt: N/A Action: N/A
[2026-04-25 10:09:25] POST Prompt: hi Action: N/A
[2026-04-25 10:09:41] POST Prompt: delhi ki rajdhani kya h Action: N/A
[2026-04-25 10:10:03] POST Prompt: india ki rajdhani kya h Action: N/A
[2026-04-25 10:10:17] POST Prompt: N/A Action: save_supervised
[2026-04-25 10:10:49] POST Prompt: india ki rajdhani kya h Action: N/A
[2026-04-25 10:11:10] POST Prompt: hlo Action: N/A
[2026-04-25 10:11:13] POST Prompt: or btao Action: N/A
[2026-04-25 10:11:16] POST Prompt: kese ho Action: N/A
[2026-04-25 10:12:27] POST Prompt: coding kr skte ho Action: N/A
[2026-04-25 10:12:36] POST Prompt: html Action: N/A
[2026-04-25 10:16:03] POST Prompt: hi Action: N/A
[2026-04-25 10:16:08] POST Prompt: html Action: N/A
[2026-04-25 10:16:27] POST Prompt: green background ke sath ek html webpage bnao Action: N/A
[2026-04-25 10:16:43] POST Prompt: kya bakbas responce de rhe ho Action: N/A
[2026-04-25 10:16:55] POST Prompt: kuch bhi btao Action: N/A
[2026-04-25 10:33:13] POST Prompt: kuch bhi btao Action: N/A
[2026-04-25 10:34:55] GET Prompt: N/A Action: N/A
[2026-04-25 10:35:00] GET Prompt: N/A Action: N/A
[2026-04-25 10:35:59] POST Prompt: kuch Action: N/A
[2026-04-25 10:45:31] POST Prompt: hi Action: N/A
[2026-04-25 10:45:37] POST Prompt: hlo Action: N/A
[2026-04-25 10:45:39] POST Prompt: hi Action: N/A
[2026-04-25 10:45:44] POST Prompt: hlo Action: N/A
[2026-04-25 10:45:48] POST Prompt: hlo Action: N/A
[2026-04-25 10:45:56] POST Prompt: hi Action: N/A
[2026-04-25 10:46:00] POST Prompt: hi Action: N/A
[2026-04-25 10:46:21] POST Prompt: what is the capital of usa Action: N/A
[2026-04-25 10:48:20] GET Prompt: N/A Action: N/A
[2026-04-25 10:53:31] GET Prompt: N/A Action: N/A
[2026-04-25 10:53:34] POST Prompt: hi Action: N/A
[2026-04-25 10:53:48] GET Prompt: N/A Action: N/A
[2026-04-25 10:53:50] GET Prompt: N/A Action: N/A
[2026-04-25 10:53:55] GET Prompt: N/A Action: N/A
[2026-04-25 10:54:19] GET Prompt: N/A Action: N/A
[2026-04-25 10:54:38] GET Prompt: N/A Action: N/A
[2026-04-25 10:54:45] GET Prompt: N/A Action: N/A
[2026-04-25 10:56:06] GET Prompt: N/A Action: N/A
[2026-04-25 11:08:32] GET Prompt: N/A Action: N/A
[2026-04-25 11:08:47] GET Prompt: N/A Action: N/A
[2026-04-25 11:09:01] GET Prompt: N/A Action: N/A
[2026-04-25 11:09:05] GET Prompt: N/A Action: N/A
[2026-04-25 11:09:07] GET Prompt: N/A Action: N/A
[2026-04-25 11:09:08] GET Prompt: N/A Action: N/A
[2026-04-25 11:18:13] GET Prompt: N/A Action: N/A
[2026-04-25 11:19:11] GET Prompt: N/A Action: N/A
[2026-04-25 11:26:46] GET Prompt: N/A Action: N/A
[2026-04-25 11:28:11] GET Prompt: N/A Action: N/A
[2026-04-25 11:32:37] GET Prompt: N/A Action: N/A
[2026-04-25 11:33:55] GET Prompt: N/A Action: N/A
[2026-04-25 11:33:57] GET Prompt: N/A Action: N/A
[2026-04-25 11:34:59] POST Prompt: fir inse kya smje Action: N/A
[2026-04-25 11:35:09] POST Prompt: 5+5 Action: N/A
[2026-04-25 11:35:41] GET Prompt: N/A Action: N/A
[2026-04-25 11:36:48] GET Prompt: N/A Action: N/A
[2026-04-25 11:38:20] POST Prompt: hi Action: N/A
[2026-04-25 11:38:59] POST Prompt: N/A Action: save_supervised
[2026-04-25 11:39:00] POST Prompt: N/A Action: save_supervised
[2026-04-25 11:39:00] POST Prompt: N/A Action: save_supervised
[2026-04-25 11:39:00] POST Prompt: N/A Action: save_supervised
[2026-04-25 11:39:01] POST Prompt: N/A Action: save_supervised
[2026-04-25 11:39:17] POST Prompt: hji Action: N/A
[2026-04-25 11:39:20] POST Prompt: hi Action: N/A
[2026-04-25 11:39:27] POST Prompt: delhi ki rajdhani Action: N/A
[2026-04-25 11:47:35] GET Prompt: N/A Action: N/A
[2026-04-25 11:47:35] GET Prompt: N/A Action: N/A
[2026-04-25 11:49:26] GET Prompt: N/A Action: N/A
[2026-04-25 12:05:52] GET Prompt: N/A Action: N/A
[2026-04-25 12:05:52] GET Prompt: N/A Action: N/A
[2026-04-25 12:08:28] GET Prompt: N/A Action: N/A
[2026-04-25 12:08:34] POST Prompt: hi Action: N/A
[2026-04-25 12:08:41] POST Prompt: hi Action: N/A
[2026-04-25 12:08:42] POST Prompt: hlo Action: N/A
[2026-04-25 12:08:49] POST Prompt: kese ho Action: N/A
[2026-04-25 12:08:58] POST Prompt: my name is mohit Action: N/A
[2026-04-25 12:12:41] POST Prompt: my name is mohit Action: N/A
[2026-04-25 12:12:50] POST Prompt: codign Action: N/A
[2026-04-25 12:12:55] POST Prompt: coding Action: N/A
[2026-04-25 12:21:01] POST Prompt: hi Action: N/A
[2026-04-25 12:22:35] GET Prompt: N/A Action: N/A
[2026-04-25 12:22:35] POST Prompt: hi Action: N/A
[2026-04-25 12:22:39] POST Prompt: hlo Action: N/A
[2026-04-25 12:22:57] POST Prompt: hlo Action: N/A
[2026-04-25 12:23:08] POST Prompt: jo tumara mn kre Action: N/A
[2026-04-25 12:23:24] POST Prompt: acha Action: N/A
[2026-04-25 12:23:36] POST Prompt: php me code  likh skte ho Action: N/A
[2026-04-25 12:26:57] GET Prompt: N/A Action: N/A
[2026-04-25 12:27:28] POST Prompt: kuch samjau  to smj loge Action: N/A
[2026-04-25 12:27:47] POST Prompt: i am sachin translate into hindi Action: N/A
[2026-04-25 12:28:56] POST Prompt: php me program kro or 10 echo print kro ki echo my name is  monu ese hi or naam bhi print kro 10 naam Action: N/A
[2026-04-25 12:30:51] POST Prompt: boring ko hindi me kya khte hn Action: N/A
[2026-04-25 12:31:05] POST Prompt: kro to Action: N/A
[2026-04-25 12:31:12] POST Prompt: kya bol rha h bhai Action: N/A
[2026-04-25 12:34:20] POST Prompt: internet pr cheak krkek  btao ki india ki capital kya h Action: N/A
[2026-04-25 12:57:39] POST Prompt: hi Action: N/A
[2026-04-25 13:42:36] GET Prompt: N/A Action: N/A
[2026-04-25 13:42:41] POST Prompt: hi Action: N/A
[2026-04-25 13:42:52] POST Prompt: hlo Action: N/A
[2026-04-25 13:43:01] POST Prompt: delhi ki rajdhani Action: N/A
[2026-04-25 13:43:38] POST Prompt: ping Action: N/A
[2026-04-25 13:43:40] POST Prompt: N/A Action: save_supervised
[2026-04-25 13:43:41] GET Prompt: N/A Action: N/A
[2026-04-25 13:52:03] GET Prompt: N/A Action: N/A
[2026-04-25 13:53:45] POST Prompt: ping Action: N/A
[2026-04-25 13:53:49] POST Prompt: N/A Action: save_supervised
[2026-04-25 13:53:50] GET Prompt: N/A Action: N/A
[2026-04-25 13:54:03] GET Prompt: N/A Action: N/A
[2026-04-25 13:54:07] POST Prompt: hi Action: N/A
[2026-04-25 13:54:43] POST Prompt: php me koi acha sa webpage bna kr dikao Action: N/A
[2026-04-25 15:35:00] GET Prompt: N/A Action: N/A
[2026-04-25 15:35:01] POST Prompt: hi Action: N/A
[2026-04-25 15:38:01] POST Prompt: hlo Action: N/A
[2026-04-25 15:38:01] POST Prompt: N/A Action: save_supervised
[2026-04-25 15:43:31] POST Prompt: hlo Action: N/A
